correct lnL = -18117.830737
        lnL = -18117.830733

