Simulation conditions:
  no. sites   : 2000
  model tree  : (1:0.04,2:0.02,(3:0.04,4:0.02):0.02)
  subst. model: HKY85+G
  kappa       : 4.0
  shape       : 0.2
  piA         : 0.2
  piC         : 0.3
  piG         : 0.3
  piT         : 0.2


Gelfand-Ghosh calculation for HKY analysis:
       k           Pm           Gm           Dm
     0.5    120.02688     47.04102    167.06790
     1.0    120.02688     70.68359    190.71046
     2.0    120.02688     97.59091    217.61779

Gelfand-Ghosh calculation for HKY+G analysis:
       k           Pm           Gm           Dm
     0.5    162.50556     46.54417    209.04973
     1.0    162.50556     72.32908    234.83464
     2.0    162.50556    103.15790    265.66346

Gelfand-Ghosh calculation for HKY+FLEX analysis:
       k           Pm           Gm           Dm
     0.5    158.95091     46.14558    205.09650
     1.0    158.95091     71.59303    230.54395
     2.0    158.95091    101.87529    260.82620

Penalty rankings (best listed first):
         HKY    120.02688
     HKYFLEX    158.95091
        HKYg    162.50556

For k = 0.5:

  Goodness-of-fit rankings (best listed first):
     HKYFLEX     46.14558
        HKYg     46.54417
         HKY     47.04102

  Overall rankings (best listed first):
         HKY    167.06790
     HKYFLEX    205.09650
        HKYg    209.04973

For k = 1.0:

  Goodness-of-fit rankings (best listed first):
         HKY     70.68359
     HKYFLEX     71.59303
        HKYg     72.32908

  Overall rankings (best listed first):
         HKY    190.71046
     HKYFLEX    230.54395
        HKYg    234.83464

For k = 2.0:

  Goodness-of-fit rankings (best listed first):
         HKY     97.59091
     HKYFLEX    101.87529
        HKYg    103.15790

  Overall rankings (best listed first):
         HKY    217.61779
     HKYFLEX    260.82620
        HKYg    265.66346
