
Autocorrelations (lag 1):

     beta ->     1.00000      0.38330      0.09921      0.00984      0.00000
         lnL     0.32244      0.42500      0.81549      0.64631     -0.05853
     lnPrior         ---          ---          ---          ---          ---
          TL     0.08692      0.23633      0.79064     -0.04219     -0.02527
         rAC     0.54190      0.43741      0.53314      0.75526      0.05304
         rAG     0.53070      0.38248      0.47796      0.84669     -0.02928
         rAT     0.17132      0.24805      0.27836      0.62350     -0.11199
         rCG     0.24384      0.31820      0.67714      0.81621      0.09761
         rCT     0.55305      0.32260      0.55643      0.90297     -0.12336
         rGT     0.32744      0.48005      0.25779      0.75442      0.19061
       freqA     0.35840      0.20447      0.19138      0.73871      0.02131
       freqC     0.34658      0.14169      0.03464      0.54496     -0.16452
       freqG     0.18231      0.03441      0.14139      0.81298     -0.04212
       freqT     0.34390      0.22485      0.15030      0.70376      0.09289
       shape    -0.03789     -0.03747      0.76613      0.11965     -0.12080

Effective sample sizes (actual sample size = 100):

     beta ->     1.00000      0.38330      0.09921      0.00984      0.00000
         lnL        51.2         40.4         10.2         21.5        112.4
     lnPrior         ---          ---          ---          ---          ---
          TL        84.0         61.8         11.7        108.8        105.2
         rAC        29.7         39.1         30.5         13.9         89.9
         rAG        30.7         44.7         35.3          8.3        106.0
         rAT        70.7         60.3         56.5         23.2        125.2
         rCG        60.8         51.7         19.3         10.1         82.2
         rCT        28.8         51.2         28.5          5.1        128.1
         rGT        50.7         35.1         59.0         14.0         68.0
       freqA        47.2         66.0         67.9         15.0         95.8
       freqC        48.5         75.2         93.3         29.5        139.4
       freqG        69.2         93.3         75.2         10.3        108.8
       freqT        48.8         63.3         73.9         17.4         83.0
       shape       107.9        107.8         13.2         78.6        127.5

Mean log-likelihood for each value of beta used
for marginal likelihood estimation:

        beta     mean lnL
     1.00000  -6544.80455 (posterior)
     0.38330  -6554.62659 
     0.09921  -6784.43150 
     0.00984  -7467.30629 
     0.00000 -11949.98566 (prior)

Marginal likelihood estimates:
 -6623.52760533 Steppingstone Sampling (SS) method (se = 1.82152309)
 -6666.33719676 Path sampling method (using trapezoid rule)
