pattern = -**---****-----******------*
pattern = -**---****-----******------* (after Split construction)
pattern = -x*x-x*x*x-----******------* (after excluding 1,3,5,7,9)
list of bits set: 2 6 8 15 16 17 18 19 20 27
list of bits unset: 0 4 10 11 12 13 14 21 22 23 24 25 26
list of excluded bits: 1 3 5 7 9
pattern = ~!^!~!^!^!~~~~~^^^^^^~~~~~~^ (on = ^, off = ~, excluded = !)
pattern = -x*x-x*x*x-----******------* (on = *, off = -, excluded = x)
pattern = -x*x-x*x*x-----******------* (number of set bits is 10)
pattern = -x*x-x*x*x-----******------* (number of unset bits is 13)
pattern = *x-x*x-x-x*****------******- (after inverting, number of set bits now 13)
Complexity is 10 (minimum of 10 and 13)
