
Summary of sampled trees:
-------------------------
Tree file = test.t
Total number of trees in file = 2101
Number of trees considered = 2000
Number of distinct tree topologies found = 8
Number of distinct splits found = 42

Split, frequency, mean edge len, first sojourn start, last sojourn end, and number of sojourns:
----------------------------------**----	2000	100.0	0.02401	1	2000	1
---------------------------*************	2000	100.0	0.01431	1	2000	1
---**-----------------------------------	2000	100.0	0.01779	1	2000	1
------**********************************	2000	100.0	0.01039	1	2000	1
--------------****----------------------	2000	100.0	0.03903	1	2000	1
--**************************************	2000	100.0	0.03583	1	2000	1
--------------------------------********	2000	100.0	0.02146	1	2000	1
---------------------------***----------	2000	100.0	0.11252	1	2000	1
--------**------------------------------	2000	100.0	0.01574	1	2000	1
----------------**----------------------	2000	100.0	0.03564	1	2000	1
------------------------*-*-------------	2000	100.0	0.02616	1	2000	1
----------------------------**----------	2000	100.0	0.03217	1	2000	1
--------------------********************	2000	100.0	0.01688	1	2000	1
--------------******--------------------	2000	100.0	0.01676	1	2000	1
-------*********************************	2000	100.0	0.01794	1	2000	1
----------------------------------*****-	2000	100.0	0.03766	1	2000	1
--------------------***-----------------	2000	100.0	0.02938	1	2000	1
----------------------------------******	2000	100.0	0.03662	1	2000	1
----------------------------------****--	2000	100.0	0.15812	1	2000	1
--------------**************************	2000	100.0	0.02053	1	2000	1
------------------**--------------------	2000	100.0	0.11325	1	2000	1
-------------------------------*********	2000	100.0	0.02617	1	2000	1
----------------------------------***---	2000	100.0	0.04160	1	2000	1
--------------------------------**------	2000	100.0	0.13296	1	2000	1
--------------------**------------------	2000	100.0	0.03931	1	2000	1
---------------------------****---------	2000	100.0	0.02883	1	2000	1
--------********************************	2000	100.0	0.03867	1	2000	1
----------**----------------------------	2000	100.0	0.00822	1	2000	1
--*--***********************************	2000	100.0	0.01137	1	2000	1
--------******--------------------------	2000	100.0	0.08622	1	2000	1
--------------**------------------------	2000	100.0	0.02600	1	2000	1
--------****----------------------------	2000	100.0	0.02513	1	2000	1
--------------------*******-------------	2000	100.0	0.01927	1	2000	1
------------**--------------------------	1999	100.0	0.00517	1	2000	2
-----***********************************	1964	98.2	0.00783	1	2000	25
-----------------------****-------------	1682	84.1	0.02070	36	1993	18
-----------------------*-*--------------	1643	82.2	0.02937	36	1989	15
------------------------***-------------	357	17.9	0.02250	1	2000	16
--------------------****----------------	314	15.7	0.00702	1	2000	21
--*---**********************************	36	1.8	0.00582	104	1988	24
--------------------***-***-------------	4	0.2	0.00535	136	1192	3
--------*****---------------------------	1	0.1	0.00182	1302	1302	1

Saving majority-rule consensus tree to file contree.tre

Tree topology, frequency, posterior probability, cumulative probability:
1	1608	0.804	0.804
2	313	0.157	0.961
3	38	0.019	0.980
4	34	0.017	0.997
5	4	0.002	0.999
6	1	0.001	0.999
7	1	0.001	0.999
8	1	0.001	1.000

Key to tree topologies:
1	(0:0.08193,1:0.06353,((3:0.06029,4:0.08154):0.01955,((((7:0.06060,((((8:0.00658,9:0.00585):0.01997,(10:0.00683,11:0.00822):0.00996):0.02581,(12:0.02969,13:0.02907):0.00431):0.09187,(((((25:0.06151,23:0.19421):0.02491,(24:0.05994,26:0.08727):0.02428):0.01705,(22:0.08494,(20:0.06755,21:0.05787):0.03982):0.03063):0.01546,((30:0.14602,(27:0.06152,(29:0.01591,28:0.01287):0.03107):0.13339):0.03212,(31:0.13423,((32:0.00513,33:0.00411):0.12674,((38:0.13234,(((35:0.10894,34:0.04388):0.03472,36:0.05587):0.03603,37:0.07141):0.15975):0.04329,39:0.28100):0.04097):0.02178):0.02331):0.01248):0.01266,((18:0.01886,19:0.01219):0.11157,((15:0.03947,14:0.03355):0.02646,(17:0.02367,16:0.02314):0.03101):0.03649):0.01425):0.03289):0.03065):0.01896,6:0.05902):0.01455,5:0.07165):0.01187,2:0.06757):0.00914):0.03627)
2	(0:0.07635,1:0.07597,((3:0.06420,4:0.08630):0.01553,((((7:0.06287,((((8:0.00565,9:0.00674):0.02046,(10:0.00756,11:0.00912):0.00815):0.02396,(12:0.03348,13:0.03181):0.00561):0.08597,(((((22:0.09696,(20:0.06580,21:0.05524):0.04389):0.02000,23:0.17964):0.00652,(25:0.09625,(24:0.05806,26:0.08008):0.02201):0.02864):0.01885,((30:0.13282,(27:0.05047,(29:0.01325,28:0.01413):0.04278):0.10953):0.02820,(31:0.12112,((32:0.00605,33:0.00467):0.13103,((38:0.11911,(((35:0.10245,34:0.04497):0.03623,36:0.04312):0.04003,37:0.06874):0.15429):0.02932,39:0.28341):0.03115):0.01825):0.02804):0.01478):0.01573,((18:0.01476,19:0.01300):0.09675,((15:0.03700,14:0.02818):0.02518,(17:0.02529,16:0.01917):0.03862):0.03506):0.02190):0.02268):0.03618):0.01649,6:0.05752):0.01053,5:0.07280):0.01029,2:0.04798):0.01236):0.03068)
3	(0:0.07343,1:0.06611,((3:0.07142,4:0.08203):0.01867,((((7:0.06391,((((8:0.00951,9:0.00762):0.01819,(10:0.00741,11:0.01148):0.00966):0.02515,(12:0.02734,13:0.03347):0.00319):0.09192,(((((25:0.08460,(24:0.06678,26:0.08601):0.01914):0.01753,23:0.18863):0.00547,(22:0.09098,(20:0.06056,21:0.05059):0.04166):0.03574):0.02243,((30:0.13095,(27:0.06614,(29:0.01101,28:0.01470):0.03472):0.10396):0.02728,(31:0.13250,((32:0.00362,33:0.00572):0.13928,((38:0.11095,(((35:0.10792,34:0.04523):0.02879,36:0.04244):0.04558,37:0.05504):0.17278):0.03407,39:0.28790):0.04746):0.02632):0.02293):0.01549):0.01457,((18:0.01593,19:0.00988):0.10540,((15:0.03440,14:0.02879):0.02268,(17:0.02938,16:0.01756):0.03110):0.03937):0.02045):0.02557):0.03834):0.01254,6:0.06003):0.00832,5:0.05914):0.00801,2:0.06016):0.01064):0.03459)
4	(0:0.07531,1:0.05873,((3:0.06203,4:0.08095):0.01966,((((7:0.05857,((((8:0.00763,9:0.00790):0.01720,(10:0.01003,11:0.01023):0.00966):0.02305,(12:0.02855,13:0.02709):0.00394):0.08363,(((((25:0.07164,23:0.16804):0.02623,(24:0.05433,26:0.08792):0.02989):0.02062,(22:0.08933,(20:0.05618,21:0.05859):0.04465):0.02341):0.02825,((30:0.13038,(27:0.05706,(29:0.01292,28:0.01196):0.03358):0.11642):0.01746,(31:0.12006,((32:0.00654,33:0.00586):0.13812,((38:0.12625,(((35:0.09171,34:0.03553):0.02731,36:0.04706):0.04843,37:0.06300):0.15639):0.04093,39:0.25053):0.02285):0.03158):0.02488):0.01369):0.01907,((18:0.01798,19:0.01097):0.11451,((15:0.03284,14:0.02855):0.02800,(17:0.02684,16:0.02116):0.02777):0.03972):0.01203):0.01946):0.04067):0.01784,6:0.05717):0.01600,2:0.05684):0.00706,5:0.06260):0.01150):0.03664)
5	(0:0.07006,1:0.06106,((3:0.06397,4:0.08929):0.01694,((((7:0.05505,((((8:0.00865,9:0.00486):0.01604,(10:0.00655,11:0.01062):0.01208):0.02959,(12:0.03303,13:0.02894):0.00491):0.08437,(((((25:0.09287,(24:0.05926,26:0.08994):0.02483):0.02082,(22:0.08466,(20:0.05454,21:0.04689):0.03915):0.03868):0.00548,23:0.17477):0.02567,((30:0.13165,(27:0.06018,(29:0.01566,28:0.01249):0.02294):0.10422):0.02455,(31:0.12554,((32:0.00320,33:0.00656):0.12648,((38:0.13170,(((35:0.09721,34:0.03843):0.03084,36:0.05789):0.03735,37:0.05713):0.14633):0.04423,39:0.26621):0.04254):0.01556):0.01796):0.01272):0.01285,((18:0.01817,19:0.00858):0.12048,((15:0.03687,14:0.03241):0.03005,(17:0.02405,16:0.02951):0.03296):0.04114):0.01484):0.01932):0.03549):0.01838,6:0.05543):0.00763,5:0.05532):0.00802,2:0.05687):0.01014):0.04141)
6	(0:0.08060,1:0.05932,((3:0.06178,4:0.08483):0.02378,(5:0.06741,(((7:0.06344,((((8:0.00802,9:0.00657):0.01591,(10:0.01000,11:0.00935):0.00851):0.02561,(12:0.02901,13:0.03273):0.00658):0.09221,((((23:0.18955,(25:0.08583,(24:0.05303,26:0.09724):0.03159):0.01877):0.00927,(22:0.09699,(20:0.05849,21:0.06174):0.04261):0.03069):0.02145,((30:0.13103,(27:0.06458,(29:0.01820,28:0.01532):0.02571):0.11699):0.02542,(31:0.14062,((32:0.00661,33:0.00260):0.13051,((38:0.13155,(((35:0.10889,34:0.03894):0.02595,36:0.04607):0.04362,37:0.06308):0.17394):0.04539,39:0.31583):0.02760):0.02357):0.02990):0.01178):0.01798,((18:0.01370,19:0.01333):0.11909,((15:0.03628,14:0.02847):0.03128,(17:0.02864,16:0.02468):0.03770):0.03775):0.02104):0.02793):0.03829):0.01937,6:0.06229):0.01193,2:0.05845):0.00127):0.01109):0.03845)
7	(0:0.07515,1:0.06656,((3:0.06166,4:0.08997):0.01523,(5:0.06367,(((7:0.06509,(((13:0.02925,12:0.02808):0.00520,((8:0.00723,9:0.00624):0.01720,(10:0.00652,11:0.00890):0.00848):0.02382):0.09804,((((25:0.10058,(24:0.05959,26:0.08786):0.01498):0.02226,(23:0.17469,(22:0.08373,(20:0.05492,21:0.05074):0.03671):0.02666):0.00935):0.01741,((30:0.13285,(27:0.05189,(29:0.01419,28:0.01407):0.03510):0.11484):0.02897,(31:0.13561,((32:0.00218,33:0.00773):0.13738,((38:0.10120,(((35:0.09862,34:0.03644):0.03149,36:0.04124):0.04081,37:0.06314):0.14249):0.04623,39:0.25780):0.03337):0.03058):0.02474):0.01394):0.01353,((18:0.01500,19:0.00858):0.11468,((15:0.03169,14:0.02934):0.02021,(17:0.02932,16:0.02083):0.03707):0.03938):0.01606):0.02744):0.03049):0.01472,6:0.06013):0.01095,2:0.06348):0.00653):0.01095):0.03263)
8	(0:0.07668,1:0.07254,((3:0.07481,4:0.09063):0.01721,(2:0.05273,(((7:0.05887,((13:0.03678,(12:0.03024,((8:0.00898,9:0.00561):0.01579,(10:0.00830,11:0.00925):0.00688):0.02799):0.00182):0.08126,(((((23:0.17122,25:0.06723):0.02332,(24:0.06451,26:0.09148):0.02778):0.01909,(22:0.09197,(20:0.05911,21:0.04821):0.04365):0.03494):0.01632,((30:0.14105,(27:0.06368,(29:0.01219,28:0.01054):0.02666):0.10696):0.02409,(31:0.12979,((32:0.00757,33:0.00390):0.12795,((38:0.13693,(((35:0.09856,34:0.04426):0.02313,36:0.04373):0.04568,37:0.07154):0.13707):0.03801,39:0.27752):0.02601):0.02345):0.02360):0.01607):0.01638,((18:0.01867,19:0.01068):0.11911,((15:0.03038,14:0.02910):0.02834,(17:0.02459,16:0.02745):0.03005):0.03499):0.01562):0.02129):0.04098):0.01652,6:0.06942):0.01471,5:0.05772):0.00643):0.00903):0.03977)
