(40:1.00000,(39:1.00000,(38:1.00000,(37:1.00000,(36:1.00000,35:1.00000):1.00000):1.00000):1.00000):1.00000,((34:1.00000,33:1.00000):1.00000,(32:1.00000,((31:1.00000,(28:1.00000,(30:1.00000,29:1.00000):1.00000):1.00000):1.00000,(((26:1.00000,(27:1.00000,25:1.00000):1.00000):0.58000,(24:1.00000,(23:1.00000,(22:1.00000,21:1.00000):1.00000):1.00000):0.51000):1.00000,(((20:1.00000,19:1.00000):1.00000,((16:1.00000,15:1.00000):1.00000,(18:1.00000,17:1.00000):1.00000):1.00000):0.85000,(((14:1.00000,13:1.00000):0.99000,((10:1.00000,9:1.00000):1.00000,(12:1.00000,11:1.00000):1.00000):1.00000):1.00000,(8:1.00000,(7:1.00000,(6:1.00000,(3:1.00000,((5:1.00000,4:1.00000):1.00000,(2:1.00000,1:1.00000):1.00000):1.00000):0.98000):1.00000):1.00000):1.00000):1.00000):0.85000):0.85000):0.85000):0.85000):1.00000)
split_----*----------------------------------- = Gamma(90.0622,0.0009247)
split_---------------------------------------* = Gamma(43.0287,0.00706298)
split_------********************************** = Gamma(10.1736,0.00101985)
split_---------*------------------------------ = Gamma(31.109,0.000252596)
split_----------------------------------*****- = Gamma(23.9122,0.00162284)
split_--------------------------------------*- = Gamma(46.348,0.00293317)
split_-------------*-------------------------- = Gamma(31.2825,0.00107272)
split_----------------------------**---------- = Gamma(41.1355,0.000807826)
split_--------------------------*------------- = Gamma(34.1314,0.00280392)
split_-----*---------------------------------- = Gamma(64.4884,0.00103957)
split_--------------------------------**------ = Gamma(47.8722,0.00291837)
split_-------------------------*-------------- = Gamma(18.3684,0.00470777)
split_-----------------------*---------------- = Gamma(41.3293,0.00476131)
split_--------******-------------------------- = Gamma(77.5152,0.00118004)
split_-----------------------------------*---- = Gamma(59.1174,0.00199672)
split_----------------------------------**---- = Gamma(17.166,0.0014107)
split_------------------------------------*--- = Gamma(28.8214,0.00183027)
split_--------------****---------------------- = Gamma(21.107,0.0019966)
split_------------------------------*--------- = Gamma(40.0157,0.00354514)
split_-----------*---------------------------- = Gamma(38.2573,0.000266558)
split_----------------*----------------------- = Gamma(43.7084,0.000568564)
split_------------------**-------------------- = Gamma(74.0081,0.00159253)
split_-----------------------------*---------- = Gamma(44.8014,0.000345652)
split_---------------------------****--------- = Gamma(22.9917,0.00126032)
split_-------------------*-------------------- = Gamma(28.833,0.000449349)
split_----------------------------*----------- = Gamma(20.1651,0.000694666)
split_---------------------*------------------ = Gamma(71.9392,0.000802003)
split_---------------------------*------------ = Gamma(55.992,0.00104132)
split_--------------------------------*------- = Gamma(8.04967,0.000811798)
split_------------*--------------------------- = Gamma(42.4069,0.000722295)
split_-------*-------------------------------- = Gamma(58.4491,0.00110142)
split_---**----------------------------------- = Gamma(28.7966,0.000629332)
split_----------*----------------------------- = Gamma(34.0059,0.000234494)
split_-----------------*---------------------- = Gamma(55.4164,0.000471106)
split_--------------------*------------------- = Gamma(68.7929,0.000937404)
split_-------********************************* = Gamma(25.1779,0.00074754)
split_------------------------*--------------- = Gamma(35.7939,0.00170188)
split_------*--------------------------------- = Gamma(90.4095,0.00073737)
split_--*------------------------------------- = Gamma(68.9641,0.000884889)
split_-*************************************** = Gamma(69.69,0.00120172)
split_----------------------------------***--- = Gamma(33.5986,0.00122818)
split_----------------------*----------------- = Gamma(69.9556,0.00138546)
split_--------------************************** = Gamma(25.5623,0.000820465)
split_--------******************************** = Gamma(46.7916,0.000864212)
split_---------------*------------------------ = Gamma(71.9697,0.000493642)
split_--------*------------------------------- = Gamma(23.0551,0.000307459)
split_----------------------------------****-- = Gamma(37.9763,0.0043387)
split_--------------------*******------------- = Gamma(19.8092,0.00104416)
split_--************************************** = Gamma(53.692,0.000693406)
split_---------------------------***---------- = Gamma(84.7971,0.00136448)
split_--------**------------------------------ = Gamma(38.0895,0.000425177)
split_------------------------*-*------------- = Gamma(25.5061,0.00100156)
split_--------------**------------------------ = Gamma(28.3494,0.000955837)
split_--------------------***----------------- = Gamma(24.4554,0.0011429)
split_--------------*------------------------- = Gamma(50.8257,0.000589596)
split_----------------------------------****** = Gamma(11.0178,0.00368778)
split_----------------**---------------------- = Gamma(60.5176,0.000620555)
split_----------------------------------*----- = Gamma(43.4346,0.000996149)
split_-------------------------------*-------- = Gamma(82.4129,0.00155264)
split_-------------------------------------*-- = Gamma(32.4634,0.0020003)
split_--------------------**------------------ = Gamma(49.4019,0.000848408)
split_------------------*--------------------- = Gamma(44.278,0.000374016)
split_-*-------------------------------------- = Gamma(76.6275,0.000902803)
split_----------**---------------------------- = Gamma(18.2111,0.000464304)
split_--*--*********************************** = Gamma(13.6689,0.000847718)
split_--------****---------------------------- = Gamma(42.3664,0.00061369)
split_---------------------------------*------ = Gamma(5.84051,0.000662921)
split_---*------------------------------------ = Gamma(58.6982,0.00117219)
split_------------**-------------------------- = Gamma(10.0263,0.000540509)
split_-----*********************************** = Gamma(11.4888,0.000732871)
split_--------------------******************** = Gamma(23.3685,0.000736495)
split_-------------------------------********* = Gamma(25.6042,0.00104991)
split_--------------------------------******** = Gamma(25.1593,0.000865039)
split_---------------------------************* = Gamma(16.2757,0.000888399)
split_--------------******-------------------- = Gamma(23.6955,0.000737261)
split_------------------------***------------- = Gamma(24.3109,0.00100483)
split_--------------------****---------------- = Gamma(4.19708,0.00186502)
split_NA = Gamma(3.82969,0.00614521)
